music,spring/Carefree.ogg,

declare-block,baseline,
tile-range-x,spring_grass,0,9,1,6,
tile-range-x,spring_deep,0,9,1,7,

declare-block,vertical-wall-left-middle,
tile-range-y,spring_deep,9,0,9,1,
tile-range-y,spring_deep,8,0,9,1,
tile-range-y,spring_deep,7,0,9,1,

declare-block,vertical-wall-left-top,
tile-range-y,spring_deep,9,1,9,1,
tile-range-y,spring_deep,8,1,9,1,
tile-range-y,spring_deep,7,1,9,1,
tile,spring_grass,9,0,
tile,spring_grass,8,0,

declare-block,plains,
use,baseline,0,0,
field-range-x,back,dust,0.5,9.5,0.5,5,

declare-block,plains,
tile-range-x,spring_grass,0,2,1,6,
tile-range-x,spring_deep,0,2,1,7,
tile-range-x,spring_grass,7,9,1,6,
tile-range-x,spring_deep,7,9,1,7,
tile-range-x,spring_grass,3,6,1,7,
tile-range-x,spring_deep,3,6,1,8,
field-range-x,back,dust,0.5,9.5,0.5,5,

make-map,
use,baseline,0,0,
use,vertical-wall-left-middle,-10,0,
use,vertical-wall-left-top,-10,-10,
use,plains,10,0,
use,plains,20,0,
use,plains,30,0,

--,field,back,wall,4,0,
--,field,back,lamp,1,1,--,field,back,spikes,22.5,8,
--,field-range-x,back,needle,22.5,24.5,1,7
--,field-range-x,back,dust,5,9.5,0.3,7.5,
--,field-range-arc,back,needle,15.5,8.8,0.5,3,
--,field,front,flower1,4.2,7.8
